// Jest Snapshot v1, https://goo.gl/fbAQLP

exports[`can render form correctly 1`] = `
<form
  className=""
  noValidate={true}
  onSubmit={undefined}
>
  <div
    className="row"
  >
    <div
      className="col-md-4 col-md-offset-4"
    >
      <button
        className="btnSubmit main btn btn-block"
        disabled={false}
        type="submit"
      >
        Save
      </button>
    </div>
  </div>
</form>
`;

exports[`can render form with error correctly 1`] = `
<form
  className=""
  noValidate={true}
  onSubmit={undefined}
>
  <div
    className="alert alert-warning"
    role="alert"
  >
    login error
  </div>
  <div
    className="row"
  >
    <div
      className="col-md-4 col-md-offset-4"
    >
      <button
        className="btnSubmit main btn btn-block"
        disabled={false}
        type="submit"
      >
        Save
      </button>
    </div>
  </div>
</form>
`;
